[geektyper.com/combine/index.html]
[backblue.gif]
[fade.gif]
[index.html]
[geektyper.com/ASSETS/style.css]
[geektyper.com/ASSETS/windows.css]
[geektyper.com/combine/mod.css]
[ajax.googleapis.com/ajax/libs/jquery/1.7.2/jquery.min.js]
[bgrins.github.io/spectrum/spectrum.css]
[www.google-analytics.com/analytics.js]
[geektyper.com/ASSETS/jquery.mousewheel.min.js]
[geektyper.com/ASSETS/script.js]
[geektyper.com/ASSETS/img/close1.png]
[bgrins.github.io/spectrum/spectrum.js]
[geektyper.com/ASSETS/img/downloading.gif]
[geektyper.com/ASSETS/img/rat.gif]
[i.imgur.com/PTHgj1N.gif]
[i.imgur.com/nhk5its.gif]
[i.imgur.com/vOxo92o.gif]
[geektyper.com/ASSETS/img/countdown.gif]
[geektyper.com/ASSETS/img/password.gif]
[i.imgur.com/Ec2Z2eb.gif]
[geektyper.com/ASSETS/img/hash.gif]
[i.imgur.com/yb7MK0i.gif]
[geektyper.com/ASSETS/img/breach.gif]
[geektyper.com/ASSETS/img/evacuate.gif]
[i.imgur.com/WZYdsTD.gif]
[i.imgur.com/msmvE09.gif]
[i.imgur.com/snY9WtD.gif]
[i.imgur.com/id2kyxB.gif]
[geektyper.com/ASSETS/img/radar.gif]
[geektyper.com/ASSETS/img/irc.gif]
[i.imgur.com/NnVSoQT.gif]
[i.imgur.com/eHaZXmm.gif]
[geektyper.com/ASSETS/img/audio.gif]
[geektyper.com/ASSETS/img/controls.png]
[i.imgur.com/Bua5h62.gif]
[i.imgur.com/LlseBPd.gif]
[geektyper.com/ASSETS/img/pipe.gif]
[geektyper.com/ASSETS/img/stability.gif]
[i.imgur.com/XJsjXT1.gif]
[geektyper.com/ASSETS/img/hints.png]
[pagead2.googlesyndication.com/pagead/f.txt]
[geektyper.com/ASSETS/keyboard_other.js]
[geektyper.com/combine/index.html]
[geektyper.com/ASSETS/fonts/fixedsys/fsex300-webfont.woff]
[geektyper.com/ASSETS/fonts/fixedsys/fsex300-webfont.eot]
[geektyper.com/ASSETS/fonts/fixedsys/fsex300-webfont.ttf]
[geektyper.com/ASSETS/fonts/fixedsys/fsex300-webfont.svg]
[geektyper.com/ASSETS/fonts/hacker1/hacker1-webfont.eot]
[geektyper.com/ASSETS/fonts/hacker1/hacker1-webfont.woff]
[geektyper.com/ASSETS/fonts/hacker1/hacker1-webfont.ttf]
[geektyper.com/ASSETS/fonts/hacker1/hacker1-webfont.svg]
[geektyper.com/ASSETS/fonts/hacker2/hacker2-webfont.woff]
[geektyper.com/ASSETS/fonts/hacker2/hacker2-webfont.eot]
[geektyper.com/ASSETS/fonts/hacker2/hacker2-webfont.ttf]
[geektyper.com/ASSETS/fonts/hacker2/hacker2-webfont.svg]
[geektyper.com/ASSETS/fonts/matrix/mCode15.woff]
[geektyper.com/ASSETS/fonts/matrix/mCode15.ttf]
[geektyper.com/ASSETS/fonts/matrix/mCode15.eot]
[geektyper.com/ASSETS/fonts/matrix/mCode15.svg]
[geektyper.com/ASSETS/fonts/alien/alien.woff]
[geektyper.com/ASSETS/fonts/alien/alien.ttf]
[geektyper.com/ASSETS/fonts/alien/alien.eot]
[geektyper.com/ASSETS/textures/0.png]
[geektyper.com/ASSETS/fonts/alien/alien.svg]
[geektyper.com/ASSETS/logos/0.png]
[geektyper.com/ASSETS/style.css]
[geektyper.com/ASSETS/img/granted.gif]
[geektyper.com/ASSETS/img/denied.gif]
[geektyper.com/ASSETS/img/ani-system_failure.gif]
[geektyper.com/ASSETS/windows.css]
[geektyper.com/ASSETS/textures/cmb.jpg]
[geektyper.com/combine/mod.css]
[bgrins.github.io/spectrum/spectrum.css]
[geektyper.com/ASSETS/fonts/fixedsys/fsex300-webfont.svg]
[geektyper.com/ASSETS/fonts/hacker1/hacker1-webfont.svg]
[geektyper.com/ASSETS/fonts/hacker2/hacker2-webfont.svg]
[geektyper.com/ASSETS/fonts/matrix/mCode15.svg]
[geektyper.com/ASSETS/fonts/alien/alien.svg]
